\BOOKMARK [1][-]{section.1}{\376\377\174\373\176\337\145\271\150\110\213\276\213\241}{}% 1
\BOOKMARK [2][-]{subsection.1.1}{\376\377\145\271\150\110\213\272\213\301\116\016\220\011\142\351}{section.1}% 2
\BOOKMARK [3][-]{subsubsection.1.1.1}{\376\377\000[\121\163\225\056\152\041\127\127\116\000\000]\166\204\213\272\213\301\116\016\220\011\142\351}{subsection.1.1}% 3
\BOOKMARK [3][-]{subsubsection.1.1.2}{\376\377\000[\121\163\225\056\152\041\127\127\116\214\000]\166\204\213\272\213\301\116\016\220\011\142\351}{subsection.1.1}% 4
\BOOKMARK [3][-]{subsubsection.1.1.3}{\376\377\000[\121\163\225\056\152\041\127\127\116\011\000]\166\204\213\272\213\301\116\016\220\011\142\351}{subsection.1.1}% 5
\BOOKMARK [2][-]{subsection.1.2}{\376\377\140\073\117\123\145\271\150\110\143\317\217\360}{section.1}% 6
\BOOKMARK [1][-]{section.2}{\376\377\164\006\213\272\122\006\147\220\116\016\213\241\173\227}{}% 7
\BOOKMARK [2][-]{subsection.2.1}{\376\377\150\070\137\303\164\006\213\272\000/\152\041\127\213\122\006\147\220}{section.2}% 8
\BOOKMARK [2][-]{subsection.2.2}{\376\377\121\163\225\056\173\227\154\325\122\006\147\220}{section.2}% 9
\BOOKMARK [2][-]{subsection.2.3}{\376\377\166\370\121\163\123\302\145\160\213\241\173\227}{section.2}% 10
\BOOKMARK [1][-]{section.3}{\376\377\165\065\215\357\116\016\172\013\136\217\213\276\213\241}{}% 11
\BOOKMARK [2][-]{subsection.3.1}{\376\377\165\065\215\357\213\276\213\241\122\006\147\220}{section.3}% 12
\BOOKMARK [3][-]{subsubsection.3.1.1}{\376\377\000[\150\070\137\303\152\041\127\127\165\065\215\357\116\000\000]}{subsection.3.1}% 13
\BOOKMARK [3][-]{subsubsection.3.1.2}{\376\377\000[\150\070\137\303\152\041\127\127\165\065\215\357\116\214\000]}{subsection.3.1}% 14
\BOOKMARK [2][-]{subsection.3.2}{\376\377\143\247\122\066\172\013\136\217\213\276\213\241}{section.3}% 15
\BOOKMARK [3][-]{subsubsection.3.2.1}{\376\377\116\073\172\013\136\217\213\276\213\241\140\035\215\357}{subsection.3.2}% 16
\BOOKMARK [3][-]{subsubsection.3.2.2}{\376\377\172\013\136\217\155\101\172\013\126\376}{subsection.3.2}% 17
\BOOKMARK [3][-]{subsubsection.3.2.3}{\376\377\150\070\137\303\116\343\170\001\162\107\153\265\377\010\123\357\220\011\377\011}{subsection.3.2}% 18
\BOOKMARK [2][-]{subsection.3.3}{\376\377\211\306\211\311\172\013\136\217\213\276\213\241}{section.3}% 19
\BOOKMARK [1][-]{section.4}{\376\377\213\276\213\241\142\245\124\112\155\113\213\325\145\271\150\110\116\016\155\113\213\325\176\323\147\234}{}% 20
\BOOKMARK [2][-]{subsection.4.1}{\376\377\155\113\213\325\163\257\130\203}{section.4}% 21
\BOOKMARK [2][-]{subsection.4.2}{\376\377\155\113\213\325\145\271\150\110}{section.4}% 22
\BOOKMARK [2][-]{subsection.4.3}{\376\377\155\113\213\325\176\323\147\234\116\016\145\160\143\156}{section.4}% 23
\BOOKMARK [3][-]{subsubsection.4.3.1}{\376\377\000[\155\113\213\325\230\171\166\356\116\000\000]}{subsection.4.3}% 24
\BOOKMARK [3][-]{subsubsection.4.3.2}{\376\377\000[\155\113\213\325\230\171\166\356\116\214\000]}{subsection.4.3}% 25
\BOOKMARK [2][-]{subsection.4.4}{\376\377\155\113\213\325\176\323\147\234\122\006\147\220}{section.4}% 26
